// Jest Snapshot v1, https://goo.gl/fbAQLP

exports[`Pruebas en <GifItem /> debe hacer match con el snapshot 1`] = `
<div>
  <div
    class="card"
  >
    <img
      alt="One Punch Man Gif"
      src="https://media3.giphy.com/media/VXJWhaO7afRe/giphy.gif?cid=ea146d384s28crehs3279gymn9x2qn3vzasxbq9pw0asjjfi&rid=giphy.gif&ct=g"
    />
    <p
      aria-label="title-gif"
    >
      One Punch Man Gif
    </p>
  </div>
</div>
`;
